INFO [2026-07-31 14:53:28] [[1]]
INFO [2026-07-31 14:53:28] vlist
INFO [2026-07-31 14:53:28] 
INFO [2026-07-31 14:53:28] $file
INFO [2026-07-31 14:53:28] NULL
INFO [2026-07-31 14:53:28] 
INFO [2026-07-31 14:53:28] $force_unique
INFO [2026-07-31 14:53:28] venn_force_unique
INFO [2026-07-31 14:53:28] 
INFO [2026-07-31 14:53:28] $print.mode
INFO [2026-07-31 14:53:28] print_mode
INFO [2026-07-31 14:53:28] 
INFO [2026-07-31 14:53:28] $sigdigs
INFO [2026-07-31 14:53:28] venn_significant_digits
INFO [2026-07-31 14:53:28] 
INFO [2026-07-31 14:53:28] $margin
INFO [2026-07-31 14:53:28] venn_outer_margin
INFO [2026-07-31 14:53:28] 
INFO [2026-07-31 14:53:28] $main
INFO [2026-07-31 14:53:28] [1] ""
INFO [2026-07-31 14:53:28] 
INFO [2026-07-31 14:53:28] $cat.cex
INFO [2026-07-31 14:53:28] venn_font_size_for_category_names
INFO [2026-07-31 14:53:28] 
INFO [2026-07-31 14:53:28] $cex
INFO [2026-07-31 14:53:28] venn_font_size_for_counts
INFO [2026-07-31 14:53:28] 
INFO [2026-07-31 14:53:28] $main.cex
INFO [2026-07-31 14:53:28] [1] 3
INFO [2026-07-31 14:53:28] 
INFO [2026-07-31 14:53:28] $fill
INFO [2026-07-31 14:53:28] venn_fill_colors[1:num_categories]
INFO [2026-07-31 14:53:28] 
INFO [2026-07-31 14:53:28] $alpha
INFO [2026-07-31 14:53:28] venn_fill_transparency
INFO [2026-07-31 14:53:28] 
INFO [2026-07-31 14:53:28] $col
INFO [2026-07-31 14:53:28] color_border
INFO [2026-07-31 14:53:28] 
