INFO [2026-07-27 15:21:03] [[1]]
INFO [2026-07-27 15:21:03] vlist
INFO [2026-07-27 15:21:03] 
INFO [2026-07-27 15:21:03] $file
INFO [2026-07-27 15:21:03] NULL
INFO [2026-07-27 15:21:03] 
INFO [2026-07-27 15:21:03] $force_unique
INFO [2026-07-27 15:21:03] venn_force_unique
INFO [2026-07-27 15:21:03] 
INFO [2026-07-27 15:21:03] $print.mode
INFO [2026-07-27 15:21:03] print_mode
INFO [2026-07-27 15:21:03] 
INFO [2026-07-27 15:21:03] $sigdigs
INFO [2026-07-27 15:21:03] venn_significant_digits
INFO [2026-07-27 15:21:03] 
INFO [2026-07-27 15:21:03] $margin
INFO [2026-07-27 15:21:03] venn_outer_margin
INFO [2026-07-27 15:21:03] 
INFO [2026-07-27 15:21:03] $main
INFO [2026-07-27 15:21:03] [1] ""
INFO [2026-07-27 15:21:03] 
INFO [2026-07-27 15:21:03] $cat.cex
INFO [2026-07-27 15:21:03] venn_font_size_for_category_names
INFO [2026-07-27 15:21:03] 
INFO [2026-07-27 15:21:03] $cex
INFO [2026-07-27 15:21:03] venn_font_size_for_counts
INFO [2026-07-27 15:21:03] 
INFO [2026-07-27 15:21:03] $main.cex
INFO [2026-07-27 15:21:03] [1] 3
INFO [2026-07-27 15:21:03] 
INFO [2026-07-27 15:21:03] $fill
INFO [2026-07-27 15:21:03] venn_fill_colors[1:num_categories]
INFO [2026-07-27 15:21:03] 
INFO [2026-07-27 15:21:03] $alpha
INFO [2026-07-27 15:21:03] venn_fill_transparency
INFO [2026-07-27 15:21:03] 
INFO [2026-07-27 15:21:03] $col
INFO [2026-07-27 15:21:03] color_border
INFO [2026-07-27 15:21:03] 
